// Jest Snapshot v1, https://goo.gl/fbAQLP

exports[`Icon Icon快照 1`] = `
initialize {
  "0": Node {
    "attribs": Object {
      "aria-label": "",
      "class": "jsx-3186953505 rjui-icon  ",
      "role": "img",
    },
    "children": Array [
      Node {
        "attribs": Object {
          "class": "jsx-3186953505",
          "fill": "currentColor",
          "height": "1em",
          "width": "1em",
        },
        "children": Array [
          Node {
            "attribs": Object {
              "class": "jsx-3186953505",
              "href": "#",
            },
            "children": Array [],
            "name": "use",
            "namespace": "http://www.w3.org/2000/svg",
            "next": null,
            "parent": [Circular],
            "prev": null,
            "type": "tag",
            "x-attribsNamespace": Object {
              "class": undefined,
              "href": "http://www.w3.org/1999/xlink",
            },
            "x-attribsPrefix": Object {
              "class": undefined,
              "href": "xlink",
            },
          },
        ],
        "name": "svg",
        "namespace": "http://www.w3.org/2000/svg",
        "next": null,
        "parent": [Circular],
        "prev": null,
        "type": "tag",
        "x-attribsNamespace": Object {
          "class": undefined,
          "fill": undefined,
          "height": undefined,
          "width": undefined,
        },
        "x-attribsPrefix": Object {
          "class": undefined,
          "fill": undefined,
          "height": undefined,
          "width": undefined,
        },
      },
    ],
    "name": "span",
    "namespace": "http://www.w3.org/1999/xhtml",
    "next": null,
    "parent": Node {
      "children": Array [
        [Circular],
      ],
      "name": "root",
      "next": null,
      "parent": null,
      "prev": null,
      "type": "root",
    },
    "prev": null,
    "type": "tag",
    "x-attribsNamespace": Object {
      "aria-label": undefined,
      "class": undefined,
      "role": undefined,
    },
    "x-attribsPrefix": Object {
      "aria-label": undefined,
      "class": undefined,
      "role": undefined,
    },
  },
  "_root": [Circular],
  "length": 1,
  "options": Object {
    "decodeEntities": true,
    "xml": false,
  },
}
`;
